Spark Summit East this week! #Spark #Apache (timestamp: Thu Oct 29 17:51:01 +0000 2015)
Just saw a great post on Insight Data Engineering #Apache #Hadoop #Storm (timestamp: Thu Oct 29 17:51:30 +0000 2015)
Doing great work #Apache (timestamp: Thu Oct 29 17:51:55 +0000 2015)
Excellent post on #Flink and #Spark (timestamp: Thu Oct 29 17:51:56 +0000 2015)
New and improved #HBase connector for #Spark (timestamp: Thu Oct 29 17:51:59 +0000 2015)
New 2.7.1 version update for #Hadoop #Apache (timestamp: Thu Oct 29 17:52:05 +0000 2015)
1 has unicode
